AWSTemplateFormatVersion: 2010-09-09
Description: Tenant Cluster Node Pool Cloud Formation Stack.
Outputs:
  DockerVolumeSizeGB:
    Value: 100
  InstanceImage:
    Value: ami-0eb0d9bb7ad1bd1e9
  InstanceType:
    Value: m5.2xlarge
  OperatorVersion:
    Value: 7.3.0
Resources:
  NodePoolAutoScalingGroup:
    Type: AWS::AutoScaling::AutoScalingGroup
    Properties:
      VPCZoneIdentifier:
        - !Ref PrivateSubnetEuCentral1a
        - !Ref PrivateSubnetEuCentral1c
      AvailabilityZones:
        - eu-central-1a
        - eu-central-1c
      DesiredCapacity: 3
      MinSize: 3
      MaxSize: 5
      LaunchConfigurationName: !Ref NodePoolLaunchConfiguration
      LoadBalancerNames:
        - 8y5ck-ingress

      # 10 seconds after a new node comes into service, the ASG checks the new
      # instance's health.
      HealthCheckGracePeriod: 10

      MetricsCollection:
        - Granularity: "1Minute"
      Tags:
        - Key: k8s.io/cluster-autoscaler/enabled
          Value: true
          PropagateAtLaunch: false
        - Key: k8s.io/cluster-autoscaler/8y5ck
          Value: true
          PropagateAtLaunch: false
    UpdatePolicy:
      AutoScalingRollingUpdate:

        # Minimum amount of nodes that must always be running during a rolling
        # update.
        MinInstancesInService: 2

        # Maximum amount of nodes being rolled at the same time.
        MaxBatchSize: 1

        # After creating a new instance, pause the rolling update on the ASG for
        # 15 minutes.
        PauseTime: PT15M
  NodePoolRole:
    Type: AWS::IAM::Role
    Properties:
      RoleName: gs-cluster-8y5ck-role-al9qy
      AssumeRolePolicyDocument:
        Version: "2012-10-17"
        Statement:
          Effect: "Allow"
          Principal:
            Service: ec2.amazonaws.com
          Action: "sts:AssumeRole"
  NodePoolRolePolicy:
    Type: "AWS::IAM::Policy"
    Properties:
      PolicyName: gs-cluster-8y5ck-policy-al9qy
      Roles:
        - Ref: NodePoolRole
      PolicyDocument:
        Version: "2012-10-17"
        Statement:
          - Effect: "Allow"
            Action: "ec2:Describe*"
            Resource: "*"
          - Effect: "Allow"
            Action: "ec2:AttachVolume"
            Resource: "*"
          - Effect: "Allow"
            Action: "ec2:DetachVolume"
            Resource: "*"
          - Effect: "Allow"
            Action:
              - "s3:GetBucketLocation"
              - "s3:ListAllMyBuckets"
            Resource: "*"
          - Effect: "Allow"
            Action: "s3:ListBucket"
            Resource: "arn:aws:s3:::tenant-account-g8s-8y5ck"
          - Effect: "Allow"
            Action: "s3:GetObject"
            Resource: "arn:aws:s3:::tenant-account-g8s-8y5ck/*"
          - Effect: "Allow"
            Action:
              - "ecr:GetAuthorizationToken"
              - "ecr:BatchCheckLayerAvailability"
              - "ecr:GetDownloadUrlForLayer"
              - "ecr:GetRepositoryPolicy"
              - "ecr:DescribeRepositories"
              - "ecr:ListImages"
              - "ecr:BatchGetImage"
            Resource: "*"
  NodePoolInstanceProfile:
    Type: "AWS::IAM::InstanceProfile"
    Properties:
      InstanceProfileName: gs-cluster-8y5ck-profile-al9qy
      Roles:
        - Ref: NodePoolRole
  NodePoolLaunchConfiguration:
    Type: AWS::AutoScaling::LaunchConfiguration
    Properties:
      AssociatePublicIpAddress: false
      BlockDeviceMappings:
      - DeviceName: /dev/xvdh
        Ebs:
          DeleteOnTermination: true
          VolumeSize: 100
          VolumeType: gp2
      - DeviceName: /dev/xvdg
        Ebs:
          DeleteOnTermination: true
          VolumeSize: 100
          VolumeType: gp2
      - DeviceName: /dev/xvdf
        Ebs:
          DeleteOnTermination: true
          VolumeSize: 100
          VolumeType: gp2
      IamInstanceProfile: !Ref NodePoolInstanceProfile
      ImageId: ami-0eb0d9bb7ad1bd1e9
      InstanceType: m5.2xlarge
      InstanceMonitoring: true
      SecurityGroups:
      - !Ref GeneralSecurityGroup
      UserData:
        Fn::Base64: |
          {
            "ignition": {
              "version": "2.2.0",
              "config": {
                "append": [
                  {
                    "source": "s3://tenant-account-g8s-8y5ck/version/7.3.0/cloudconfig/v_4_8_0/cluster-8y5ck-tcnp-al9qy"
                  }
                ]
              }
            },
            "storage": {
              "filesystems": [
                {
                  "name": "docker",
                  "mount": {
                    "device": "/dev/xvdh",
                    "wipeFilesystem": true,
                    "label": "docker",
                    "format": "xfs"
                  }
                },
                {
                  "name": "kubelet",
                  "mount": {
                    "device": "/dev/xvdg",
                    "wipeFilesystem": true,
                    "label": "kubelet",
                    "format": "xfs"
                  }
                },
                {
                  "name": "log",
                  "mount": {
                    "device": "/dev/xvdf",
                    "wipeFilesystem": true,
                    "label": "log",
                    "format": "xfs"
                  }
                }
              ]
            }
          }
  NodePoolLifecycleHook:
    Type: AWS::AutoScaling::LifecycleHook
    Properties:
      AutoScalingGroupName:
        Ref: NodePoolAutoScalingGroup
      DefaultResult: CONTINUE
      HeartbeatTimeout: 3600
      LifecycleHookName: NodePool
      LifecycleTransition: autoscaling:EC2_INSTANCE_TERMINATING
  
  PrivateRouteTableEuCentral1a:
    Type: AWS::EC2::RouteTable
    Properties:
      VpcId: vpc-id
      Tags:
      - Key: giantswarm.io/availability-zone
        Value: eu-central-1a
      - Key: giantswarm.io/route-table-type
        Value: private
  NATRouteEuCentral1a:
    Type: AWS::EC2::Route
    Properties:
      RouteTableId: !Ref PrivateRouteTableEuCentral1a
      DestinationCidrBlock: 0.0.0.0/0
      NatGatewayId: nat-gateway-id-eu-central-1a
  PrivateRouteTableEuCentral1c:
    Type: AWS::EC2::RouteTable
    Properties:
      VpcId: vpc-id
      Tags:
      - Key: giantswarm.io/availability-zone
        Value: eu-central-1c
      - Key: giantswarm.io/route-table-type
        Value: private
  NATRouteEuCentral1c:
    Type: AWS::EC2::Route
    Properties:
      RouteTableId: !Ref PrivateRouteTableEuCentral1c
      DestinationCidrBlock: 0.0.0.0/0
      NatGatewayId: nat-gateway-id-eu-central-1c
  GeneralSecurityGroup:
    Type: AWS::EC2::SecurityGroup
    Properties:
      GroupDescription: General Node Pool Security Group For Basic Traffic Rules.
      SecurityGroupIngress:
      -
        Description: Allow traffic from control plane CIDR to 22 for SSH access.
        IpProtocol: tcp
        FromPort: 22
        ToPort: 22
        CidrIp: 10.1.0.0/16
      -
        Description: Allow traffic from control plane CIDR to 4194 for cadvisor scraping.
        IpProtocol: tcp
        FromPort: 4194
        ToPort: 4194
        CidrIp: 10.1.0.0/16
      -
        Description: Allow traffic from control plane CIDR to 10250 for kubelet scraping.
        IpProtocol: tcp
        FromPort: 10250
        ToPort: 10250
        CidrIp: 10.1.0.0/16
      -
        Description: Allow traffic from control plane CIDR to 10300 for node-exporter scraping.
        IpProtocol: tcp
        FromPort: 10300
        ToPort: 10300
        CidrIp: 10.1.0.0/16
      -
        Description: Allow traffic from control plane CIDR to 10301 for kube-state-metrics scraping.
        IpProtocol: tcp
        FromPort: 10301
        ToPort: 10301
        CidrIp: 10.1.0.0/16
      -
        Description: Allow traffic from the ingress security group to 443 for ingress-controller.
        IpProtocol: tcp
        FromPort: 30011
        ToPort: 30011
        SourceSecurityGroupId: ingress-security-group-id
      -
        Description: Allow traffic from the ingress security group to 80 for ingress-controller.
        IpProtocol: tcp
        FromPort: 30010
        ToPort: 30010
        SourceSecurityGroupId: ingress-security-group-id
      VpcId: vpc-id
  GeneralMasterIngressRule:
    Type: AWS::EC2::SecurityGroupIngress
    DependsOn: GeneralSecurityGroup
    Properties:
      Description: Allow traffic from the TCNP General Security Group to the TCCP Master Security Group.
      GroupId: master-security-group-id
      IpProtocol: -1
      FromPort: -1
      ToPort: -1
      SourceSecurityGroupId: !Ref GeneralSecurityGroup
  InternalIngressRule:
    Type: AWS::EC2::SecurityGroupIngress
    DependsOn: GeneralSecurityGroup
    Properties:
      Description: Allow traffic between workloads within the Node Pool.
      GroupId: !Ref GeneralSecurityGroup
      IpProtocol: -1
      FromPort: -1
      ToPort: -1
      SourceSecurityGroupId: !Ref GeneralSecurityGroup
  MasterGeneralIngressRule:
    Type: AWS::EC2::SecurityGroupIngress
    DependsOn: GeneralSecurityGroup
    Properties:
      Description: Allow traffic from the TCCP Master Security Group to the TCNP General Security Group.
      GroupId: !Ref GeneralSecurityGroup
      IpProtocol: -1
      FromPort: -1
      ToPort: -1
      SourceSecurityGroupId: master-security-group-id
  
  PrivateSubnetEuCentral1a:
    Type: AWS::EC2::Subnet
    Properties:
      AvailabilityZone: eu-central-1a
      CidrBlock: 10.100.3.0/27
      MapPublicIpOnLaunch: false
      Tags:
      - Key: kubernetes.io/role/elb
        Value: 1
      VpcId: vpc-id
    DependsOn: VpcCidrBlock
  PrivateSubnetRouteTableAssociationEuCentral1a:
    Type: AWS::EC2::SubnetRouteTableAssociation
    Properties:
      RouteTableId: !Ref PrivateRouteTableEuCentral1a
      SubnetId: !Ref PrivateSubnetEuCentral1a
  PrivateSubnetEuCentral1c:
    Type: AWS::EC2::Subnet
    Properties:
      AvailabilityZone: eu-central-1c
      CidrBlock: 10.100.3.64/27
      MapPublicIpOnLaunch: false
      Tags:
      - Key: kubernetes.io/role/elb
        Value: 1
      VpcId: vpc-id
    DependsOn: VpcCidrBlock
  PrivateSubnetRouteTableAssociationEuCentral1c:
    Type: AWS::EC2::SubnetRouteTableAssociation
    Properties:
      RouteTableId: !Ref PrivateRouteTableEuCentral1c
      SubnetId: !Ref PrivateSubnetEuCentral1c
  VpcCidrBlock:
    Type: AWS::EC2::VPCCidrBlock
    Properties:
      CidrBlock: 10.100.8.0/24
      VpcId: vpc-id
  VPCPeeringRouteEuCentral1a:
    Type: AWS::EC2::Route
    Properties:
      DestinationCidrBlock: 10.1.0.0/16
      RouteTableId: !Ref PrivateRouteTableEuCentral1a
      VpcPeeringConnectionId: peering-connection-id
  VPCPeeringRouteEuCentral1c:
    Type: AWS::EC2::Route
    Properties:
      DestinationCidrBlock: 10.1.0.0/16
      RouteTableId: !Ref PrivateRouteTableEuCentral1c
      VpcPeeringConnectionId: peering-connection-id
  VPCS3Endpoint:
    Type: 'AWS::EC2::VPCEndpoint'
    Properties:
      VpcId: vpc-id
      RouteTableIds:
        - !Ref PrivateRouteTableEuCentral1a
        - !Ref PrivateRouteTableEuCentral1c
      ServiceName: 'com.amazonaws.eu-central-1.s3'
      PolicyDocument:
        Version: "2012-10-17"
        Statement:
          - Sid: "8y5ck-vpc-s3-endpoint-policy-bucket"
            Principal : "*"
            Effect: "Allow"
            Action: "s3:*"
            Resource: "arn:aws:s3:::*"
          - Sid: "8y5ck-vpc-s3-endpoint-policy-object"
            Principal : "*"
            Effect: "Allow"
            Action: "s3:*"
            Resource: "arn:aws:s3:::*/*"
